Some note body



and more Text



and some more Text